[croptheme.com/toothst/toothst-ltr/index.html]
[croptheme.com/toothst/toothst-ltr/assets/css/owl.theme.default.min.css]
[croptheme.com/toothst/toothst-ltr/assets/css/owl.carousel.min.css]
[croptheme.com/toothst/toothst-ltr/assets/css/icofont.min.css]
[croptheme.com/toothst/toothst-ltr/assets/css/bootstrap.min.css]
[croptheme.com/toothst/toothst-ltr/assets/css/meanmenu.css]
[croptheme.com/toothst/toothst-ltr/assets/css/magnific-popup.min.css]
[croptheme.com/toothst/toothst-ltr/assets/css/animate.min.css]
[croptheme.com/toothst/toothst-ltr/assets/images/favicon.png]
[backblue.gif]
[fade.gif]
[index.html]
[croptheme.com/toothst/toothst-ltr/assets/css/style.css]
[croptheme.com/toothst/toothst-ltr/assets/css/responsive.css]
[croptheme.com/toothst/toothst-ltr/index-2.html]
[croptheme.com/toothst/toothst-ltr/assets/images/logo.png]
[croptheme.com/toothst/toothst-ltr/index-4.html]
[croptheme.com/toothst/toothst-ltr/index-5.html]
[croptheme.com/toothst/toothst-ltr/index-3.html]
[croptheme.com/toothst/toothst-ltr/services.html]
[croptheme.com/toothst/toothst-ltr/pricing-plan.html]
[croptheme.com/toothst/toothst-ltr/single-services.html]
[croptheme.com/toothst/toothst-ltr/sign-in.html]
[croptheme.com/toothst/toothst-ltr/about-us.html]
[croptheme.com/toothst/toothst-ltr/sign-up.html]
[croptheme.com/toothst/toothst-ltr/blog.html]
[croptheme.com/toothst/toothst-ltr/appointment.html]
[croptheme.com/toothst/toothst-ltr/doctors.html]
[croptheme.com/toothst/toothst-ltr/faq.html]
[croptheme.com/toothst/toothst-ltr/testimonials.html]
[croptheme.com/toothst/toothst-ltr/single-blog.html]
[croptheme.com/toothst/toothst-ltr/contact-us.html]
[croptheme.com/toothst/toothst-ltr/privacy-policy.html]
[croptheme.com/toothst/toothst-ltr/404.html]
[croptheme.com/toothst/toothst-ltr/terms-conditions.html]
[croptheme.com/toothst/toothst-ltr/checkout.html]
[croptheme.com/toothst/toothst-ltr/products.html]
[croptheme.com/toothst/toothst-ltr/product-cart.html]
[croptheme.com/toothst/toothst-ltr/product-details.html]
[croptheme.com/toothst/toothst-ltr/payment.html]
[croptheme.com/toothst/toothst-ltr/assets/images/banner/banner-shape-2.png]
[croptheme.com/toothst/toothst-ltr/assets/images/banner/banner-img.png]
[croptheme.com/toothst/toothst-ltr/assets/images/banner/banner-shape-1.png]
[croptheme.com/toothst/toothst-ltr/assets/images/icon/icon-2.svg]
[croptheme.com/toothst/toothst-ltr/assets/images/icon/icon-1.svg]
[croptheme.com/toothst/toothst-ltr/assets/images/icon/icon-3.svg]
[croptheme.com/toothst/toothst-ltr/assets/images/icon/icon-4.svg]
[croptheme.com/toothst/toothst-ltr/assets/images/about-img.png]
[croptheme.com/toothst/toothst-ltr/assets/images/doctors/doctor-1.jpg]
[croptheme.com/toothst/toothst-ltr/assets/images/doctors/doctor-2.jpg]
[croptheme.com/toothst/toothst-ltr/assets/images/doctors/doctor-3.jpg]
[croptheme.com/toothst/toothst-ltr/assets/images/doctor-shape.png]
[croptheme.com/toothst/toothst-ltr/assets/images/testimonials/testimonials-1.jpg]
[croptheme.com/toothst/toothst-ltr/assets/images/testimonials/testimonials-2.jpg]
[croptheme.com/toothst/toothst-ltr/assets/images/testimonials/testimonials-3.jpg]
[croptheme.com/toothst/toothst-ltr/assets/images/testimonials/testimonials-4.jpg]
[croptheme.com/toothst/toothst-ltr/assets/images/testimonials/testimonials-shape.png]
[croptheme.com/toothst/toothst-ltr/assets/images/faq-shape-1.png]
[croptheme.com/toothst/toothst-ltr/assets/images/faq-shape-2.png]
[croptheme.com/toothst/toothst-ltr/assets/images/blog/blog-1.jpg]
[croptheme.com/toothst/toothst-ltr/assets/images/blog/blog-2.jpg]
[croptheme.com/toothst/toothst-ltr/assets/images/blog/blog-3.jpg]
[croptheme.com/toothst/toothst-ltr/assets/images/blog/blog-shape-1.png]
[croptheme.com/toothst/toothst-ltr/assets/images/blog/blog-shape-2.png]
[croptheme.com/toothst/toothst-ltr/assets/images/appointment-img.png]
[croptheme.com/toothst/toothst-ltr/assets/images/appointment-shape.png]
[croptheme.com/toothst/toothst-ltr/assets/js/bootstrap.bundle.min.js]
[croptheme.com/toothst/toothst-ltr/assets/js/jquery.meanmenu.js]
[croptheme.com/toothst/toothst-ltr/assets/js/carousel-thumbs.min.js]
[croptheme.com/toothst/toothst-ltr/assets/js/jquery.min.js]
[croptheme.com/toothst/toothst-ltr/assets/js/owl.carousel.min.js]
[croptheme.com/toothst/toothst-ltr/assets/js/wow.min.js]
[croptheme.com/toothst/toothst-ltr/assets/js/magnific-popup.min.js]
[croptheme.com/toothst/toothst-ltr/assets/js/counterup.min.js]
[croptheme.com/toothst/toothst-ltr/assets/js/waypoints.min.js]
[croptheme.com/toothst/toothst-ltr/index.html]
[croptheme.com/toothst/toothst-ltr/assets/js/custom.js]
[croptheme.com/toothst/toothst-ltr/assets/css/bootstrap.min.css]
[croptheme.com/toothst/toothst-ltr/assets/css/owl.theme.default.min.css]
[croptheme.com/toothst/toothst-ltr/assets/css/owl.carousel.min.css]
[croptheme.com/toothst/toothst-ltr/assets/fonts/icofont.woff2]
[croptheme.com/toothst/toothst-ltr/assets/fonts/icofont.woff]
[croptheme.com/toothst/toothst-ltr/assets/css/icofont.min.css]
[croptheme.com/toothst/toothst-ltr/assets/css/meanmenu.css]
[croptheme.com/toothst/toothst-ltr/assets/css/animate.min.css]
[croptheme.com/toothst/toothst-ltr/assets/css/magnific-popup.min.css]
[croptheme.com/toothst/toothst-ltr/assets/images/banner/banner-bg.jpg]
[croptheme.com/toothst/toothst-ltr/assets/images/banner/slider-bg-1.jpg]
[croptheme.com/toothst/toothst-ltr/assets/images/banner/slider-bg-2.jpg]
[croptheme.com/toothst/toothst-ltr/assets/images/faq-img.jpg]
[croptheme.com/toothst/toothst-ltr/assets/images/blog/blog-4.jpg]
[croptheme.com/toothst/toothst-ltr/assets/images/blog/blog-5.jpg]
[croptheme.com/toothst/toothst-ltr/assets/images/sign-up-img.jpg]
[croptheme.com/toothst/toothst-ltr/assets/images/sign-in-img.jpg]
[croptheme.com/toothst/toothst-ltr/assets/css/style.css]
[croptheme.com/toothst/toothst-ltr/assets/css/responsive.css]
[croptheme.com/toothst/toothst-ltr/index-2.html]
[croptheme.com/toothst/toothst-ltr/assets/images/banner/banner-img-4.png]
[croptheme.com/toothst/toothst-ltr/index-3.html]
[croptheme.com/toothst/toothst-ltr/assets/images/banner/banner-img-2.png]
[croptheme.com/toothst/toothst-ltr/assets/images/banner/banner-img-3.png]
[croptheme.com/toothst/toothst-ltr/index-4.html]
[croptheme.com/toothst/toothst-ltr/index-5.html]
[croptheme.com/toothst/toothst-ltr/assets/images/icon/icon-13.svg]
[croptheme.com/toothst/toothst-ltr/assets/images/icon/icon-14.svg]
[croptheme.com/toothst/toothst-ltr/assets/images/icon/icon-15.svg]
[croptheme.com/toothst/toothst-ltr/assets/images/icon/icon-16.svg]
[croptheme.com/toothst/toothst-ltr/assets/images/quality-shape-1.png]
[croptheme.com/toothst/toothst-ltr/assets/images/quality-shape-2.png]
[croptheme.com/toothst/toothst-ltr/about-us.html]
[croptheme.com/toothst/toothst-ltr/assets/images/icon/icon-5.svg]
[croptheme.com/toothst/toothst-ltr/assets/images/icon/icon-6.svg]
[croptheme.com/toothst/toothst-ltr/assets/images/icon/icon-7.svg]
[croptheme.com/toothst/toothst-ltr/assets/images/icon/icon-8.svg]
[croptheme.com/toothst/toothst-ltr/assets/images/icon/icon-9.svg]
[croptheme.com/toothst/toothst-ltr/assets/images/icon/icon-10.svg]
[croptheme.com/toothst/toothst-ltr/assets/images/icon/icon-11.svg]
[croptheme.com/toothst/toothst-ltr/assets/images/icon/icon-12.svg]
[croptheme.com/toothst/toothst-ltr/services.html]
[croptheme.com/toothst/toothst-ltr/pricing-plan.html]
[croptheme.com/toothst/toothst-ltr/assets/images/services/services-1.jpg]
[croptheme.com/toothst/toothst-ltr/assets/images/services/services-2.jpg]
[croptheme.com/toothst/toothst-ltr/single-services.html]
[croptheme.com/toothst/toothst-ltr/sign-in.html]
[croptheme.com/toothst/toothst-ltr/sign-up.html]
[croptheme.com/toothst/toothst-ltr/appointment.html]
[croptheme.com/toothst/toothst-ltr/assets/images/blog/blog-6.jpg]
[croptheme.com/toothst/toothst-ltr/assets/images/blog/blog-7.jpg]
[croptheme.com/toothst/toothst-ltr/assets/images/blog/blog-8.jpg]
[croptheme.com/toothst/toothst-ltr/assets/images/blog/blog-9.jpg]
[croptheme.com/toothst/toothst-ltr/blog.html]
[croptheme.com/toothst/toothst-ltr/assets/images/blog/blog-10.jpg]
[croptheme.com/toothst/toothst-ltr/assets/images/blog/comment-1.jpg]
[croptheme.com/toothst/toothst-ltr/assets/images/blog/comment-2.jpg]
[croptheme.com/toothst/toothst-ltr/assets/images/blog/comment-3.jpg]
[croptheme.com/toothst/toothst-ltr/single-blog.html]
[croptheme.com/toothst/toothst-ltr/assets/images/doctors/doctor-4.jpg]
[croptheme.com/toothst/toothst-ltr/assets/images/doctors/doctor-5.jpg]
[croptheme.com/toothst/toothst-ltr/assets/images/doctors/doctor-6.jpg]
[croptheme.com/toothst/toothst-ltr/doctors.html]
[croptheme.com/toothst/toothst-ltr/faq.html]
[croptheme.com/toothst/toothst-ltr/assets/images/testimonials/testimonials-5.jpg]
[croptheme.com/toothst/toothst-ltr/assets/images/testimonials/testimonials-6.jpg]
[croptheme.com/toothst/toothst-ltr/testimonials.html]
[croptheme.com/toothst/toothst-ltr/assets/images/icon/icon-17.svg]
[croptheme.com/toothst/toothst-ltr/assets/images/icon/icon-18.svg]
[croptheme.com/toothst/toothst-ltr/assets/images/icon/icon-19.svg]
[croptheme.com/toothst/toothst-ltr/assets/images/icon/icon-20.svg]
[croptheme.com/toothst/toothst-ltr/contact-us.html]
[croptheme.com/toothst/toothst-ltr/privacy-policy.html]
[croptheme.com/toothst/toothst-ltr/terms-conditions.html]
[croptheme.com/toothst/toothst-ltr/assets/images/404.jpg]
[croptheme.com/toothst/toothst-ltr/404.html]
[croptheme.com/toothst/toothst-ltr/assets/images/products/product-1.jpg]
[croptheme.com/toothst/toothst-ltr/assets/images/products/product-2.jpg]
[croptheme.com/toothst/toothst-ltr/assets/images/products/product-3.jpg]
[croptheme.com/toothst/toothst-ltr/assets/images/products/product-4.jpg]
[croptheme.com/toothst/toothst-ltr/assets/images/products/product-5.jpg]
[croptheme.com/toothst/toothst-ltr/assets/images/products/product-6.jpg]
[croptheme.com/toothst/toothst-ltr/assets/images/products/product-7.jpg]
[croptheme.com/toothst/toothst-ltr/assets/images/products/product-8.jpg]
[croptheme.com/toothst/toothst-ltr/assets/images/products/product-9.jpg]
[croptheme.com/toothst/toothst-ltr/products.html]
[croptheme.com/toothst/toothst-ltr/product-cart.html]
[croptheme.com/toothst/toothst-ltr/checkout.html]
[croptheme.com/toothst/toothst-ltr/assets/images/review/review-1.jpg]
[croptheme.com/toothst/toothst-ltr/assets/images/review/review-2.jpg]
[croptheme.com/toothst/toothst-ltr/assets/images/review/review-3.jpg]
[croptheme.com/toothst/toothst-ltr/assets/images/review/review-4.jpg]
[croptheme.com/toothst/toothst-ltr/assets/images/review/review-5.jpg]
[croptheme.com/toothst/toothst-ltr/assets/images/review/review-6.jpg]
[croptheme.com/toothst/toothst-ltr/product-details.html]
[croptheme.com/toothst/toothst-ltr/payment.html]
[croptheme.com/toothst/toothst-ltr/assets/images/icon/icon-1.svg]
[croptheme.com/toothst/toothst-ltr/assets/images/icon/icon-2.svg]
[croptheme.com/toothst/toothst-ltr/assets/images/icon/icon-3.svg]
[croptheme.com/toothst/toothst-ltr/assets/images/icon/icon-4.svg]
[croptheme.com/toothst/toothst-ltr/assets/css/owl.video.play.html]
[croptheme.com/toothst/toothst-ltr/assets/images/icon/icon-13.svg]
[croptheme.com/toothst/toothst-ltr/assets/images/icon/icon-14.svg]
[croptheme.com/toothst/toothst-ltr/assets/images/icon/icon-15.svg]
[croptheme.com/toothst/toothst-ltr/assets/images/icon/icon-16.svg]
[croptheme.com/toothst/toothst-ltr/assets/images/icon/icon-5.svg]
[croptheme.com/toothst/toothst-ltr/assets/images/icon/icon-6.svg]
[croptheme.com/toothst/toothst-ltr/assets/images/icon/icon-7.svg]
[croptheme.com/toothst/toothst-ltr/assets/images/icon/icon-8.svg]
[croptheme.com/toothst/toothst-ltr/assets/images/icon/icon-9.svg]
[croptheme.com/toothst/toothst-ltr/assets/images/icon/icon-10.svg]
[croptheme.com/toothst/toothst-ltr/assets/images/icon/icon-11.svg]
[croptheme.com/toothst/toothst-ltr/assets/images/icon/icon-12.svg]
[croptheme.com/toothst/toothst-ltr/assets/images/icon/icon-17.svg]
[croptheme.com/toothst/toothst-ltr/assets/images/icon/icon-18.svg]
[croptheme.com/toothst/toothst-ltr/assets/images/icon/icon-19.svg]
[croptheme.com/toothst/toothst-ltr/assets/images/icon/icon-20.svg]
[croptheme.com/toothst/toothst-ltr/single-product.html]
[croptheme.com/toothst/toothst-ltr/products-details.html]
